// Jest Snapshot v1, https://goo.gl/fbAQLP

exports[`TextField test should render 1`] = `
<div>
  <div
    class="sc-gswNZR sc-jSUZER LPzgy gzMPmx"
    display="flex"
  >
    <div
      class="sc-gswNZR sc-eDvSVe cIiTgE bNvhYd"
    >
      <input
        class="sc-bcXHqe hbhrhM"
      />
    </div>
  </div>
</div>
`;
