// Jest Snapshot v1, https://goo.gl/fbAQLP

exports[` 1`] = `
<div>
  <p
    class="sc-bcXHqe bHhMfO"
  >
    Text
  </p>
</div>
`;
