// Jest Snapshot v1, https://goo.gl/fbAQLP

exports[` 1`] = `
.c0 {
  font-family: ui-monospace,SFMono- Regular,Menlo,Monaco,Consolas,'Liberation Mono','Courier New',monospace;
}

<div>
  <p
    class="c0"
  >
    Text
  </p>
</div>
`;
