// Jest Snapshot v1, https://goo.gl/fbAQLP

exports[`Box component should match snapshots 1`] = `
<div>
  <div
    class=""
  >
    <h1>
      Children
    </h1>
  </div>
</div>
`;
