// Jest Snapshot v1, https://goo.gl/fbAQLP

exports[`Input test should render 1`] = `
.c0 {
  display: -webkit-box;
  display: -webkit-flex;
  display: -ms-flexbox;
  display: flex;
  background-color: hsl(0,0%,100%);
  box-shadow: 0 1px 2px 0 rgb(0 0 0 / 0.05);
  border-radius: 0.375rem;
  border: 1px solid hsl(240,5.9%,90%);
}

.c2 {
  width: 100%;
  outline: 2px solid transparent;
  outline-offset: 2px;
  background: transparent;
  color: hsl(240,10%,3.9%);
  padding: 0.25rem 0.75rem;
  font-size: 0.875rem;
  line-height: 1.25rem;
  height: calc(2.25rem - 2px);
}

.c2:placeholder {
  color: hsl(240,3.8%,46.1%);
}

.c1 {
  overflow: hidden;
}

.c1:focus-within {
  border: 1px solid hsl(240,5.9%,10%);
}

<div>
  <div
    class="c0 c1"
    display="flex"
  >
    <input
      class="c2"
    />
  </div>
</div>
`;
