// Jest Snapshot v1, https://goo.gl/fbAQLP

exports[`TextField test should render 1`] = `
<div>
  <div
    class="border border-gray-300 shadow-sm rounded-md bg-white text-gray-400 flex  focus-with:outline-none focus-within:ring focus-within:z-10"
  >
    <div
      class="flex-grow"
    >
      <input
        class="w-full outline-none rounded-md text-gray-900 text-sm px-3 py-2"
      />
    </div>
  </div>
</div>
`;
